[33mΓ¥»[39m Building...
[32mΓ£ö[39m Building...
[1mInitial chunk files[22m[2m | [22m[1mNames[22m              [2m | [22m [1mRaw size[22m
[32mmain.js[39m            [2m | [22m[2mmain[22m               [2m | [22m[36m524.96 kB[39m[2m | [22m
[32mstyles.css[39m         [2m | [22m[2mstyles[22m             [2m | [22m[36m279.82 kB[39m[2m | [22m
[32mchunk-54BM4GNH.js[39m  [2m | [22m[2m-[22m                  [2m | [22m[36m128.04 kB[39m[2m | [22m
[32mscripts.js[39m         [2m | [22m[2mscripts[22m            [2m | [22m[36m107.69 kB[39m[2m | [22m
[32mpolyfills.js[39m       [2m | [22m[2mpolyfills[22m          [2m | [22m [36m90.20 kB[39m[2m | [22m

[1m [22m                  [2m | [22m[1mInitial total[22m      [2m | [22m  [1m1.13 MB[22m

[1mLazy chunk files[22m   [2m | [22m[1mNames[22m              [2m | [22m [1mRaw size[22m
[32mchunk-4SCSMWGO.js[39m  [2m | [22m[2mitinerary-component[22m[2m | [22m[36m341.05 kB[39m[2m | [22m

Application bundle generation complete. [4.663 seconds]

Watch mode enabled. Watching for file changes...
NOTE: Raw file sizes do not reflect development server per-request transformations.
  [32mΓ₧£[39m  [1mLocal[22m:   [36mhttp://localhost:[1m4200[22m/[39m
[2m[32m  Γ₧£[39m[22m[2m  press [22m[1mh + enter[22m[2m to show help[22m
[33mΓ¥»[39m Changes detected. Rebuilding...
[32mΓ£ö[39m Changes detected. Rebuilding...

No output file changes.

Application bundle generation complete. [2.148 seconds]

[33mΓ¥»[39m Changes detected. Rebuilding...
[32mΓ£ö[39m Changes detected. Rebuilding...
Application bundle generation failed. [0.442 seconds]

node.exe : [1m[31m[31mX [41;31m[[41;97mERROR[41;31m][0m [1mNG9: 
Property 'goToRecommendations' does not exist on type 
'ItineraryListComponent'.[0m [1m[35m[plugin angular-compiler][0m
At C:\Users\amine gh\AppData\Roaming\npm\ng.ps1:24 char:5
+     & "node$exe"  "$basedir/node_modules/@angular/cli/bin/ng.js" $arg ...
+     ~~~~~~~~~~~~~~~~~~~~~~~~~~~~~~~~~~~~~~~~~~~~~~~~~~~~~~~~~~~~~~~~~
    + CategoryInfo          : NotSpecified: ([1m[31m[31mX...r-compiler][0m 
   :String) [], RemoteException
    + FullyQualifiedErrorId : NativeCommandError
 

    src/app/features/itinerary/pages/itinerary-list/itinerary-list.component.ht
ml:13:44:
[37m      13 Γöé ...tn-discover" (click)="[32mgoToRecommendations[37m()" 
title="Discover si...
         Γò╡                          [32m~~~~~~~~~~~~~~~~~~~[0m

  Error occurs in the template of component ItineraryListComponent.

    src/app/features/itinerary/pages/itinerary-list/itinerary-list.component.ts
:8:15:
[37m      8 Γöé   templateUrl: [32m'./itinerary-list.component.html'[37m,
        Γò╡                [32m~~~~~~~~~~~~~~~~~~~~~~~~~~~~~~~~~[0m

[39m[22m
[33mΓ¥»[39m Changes detected. Rebuilding...
[32mΓ£ö[39m Changes detected. Rebuilding...
[1mInitial chunk files[22m[2m | [22m[1mNames[22m              [2m | [22m [1mRaw size[22m
[32mmain.js[39m            [2m | [22m[2mmain[22m               [2m | [22m[36m524.96 kB[39m[2m | [22m
[32mstyles.css[39m         [2m | [22m[2mstyles[22m             [2m | [22m[36m279.82 kB[39m[2m | [22m
[32mchunk-54BM4GNH.js[39m  [2m | [22m[2m-[22m                  [2m | [22m[36m128.04 kB[39m[2m | [22m
[32mscripts.js[39m         [2m | [22m[2mscripts[22m            [2m | [22m[36m107.69 kB[39m[2m | [22m
[32mpolyfills.js[39m       [2m | [22m[2mpolyfills[22m          [2m | [22m [36m90.20 kB[39m[2m | [22m

[1m [22m                  [2m | [22m[1mInitial total[22m      [2m | [22m  [1m1.13 MB[22m

[1mLazy chunk files[22m   [2m | [22m[1mNames[22m              [2m | [22m [1mRaw size[22m
[32mchunk-XJJRZ6VU.js[39m  [2m | [22m[2mitinerary-component[22m[2m | [22m[36m341.77 kB[39m[2m | [22m

Application bundle generation complete. [0.439 seconds]

Page reload sent to client(s).
[33mΓ¥»[39m Changes detected. Rebuilding...
[32mΓ£ö[39m Changes detected. Rebuilding...
[1mInitial chunk files[22m[2m | [22m[1mNames[22m              [2m | [22m [1mRaw size[22m
[32mmain.js[39m            [2m | [22m[2mmain[22m               [2m | [22m[36m524.96 kB[39m[2m | [22m

[1mLazy chunk files[22m   [2m | [22m[1mNames[22m              [2m | [22m [1mRaw size[22m
[32mchunk-T3AIKY4O.js[39m  [2m | [22m[2mitinerary-component[22m[2m | [22m[36m341.86 kB[39m[2m | [22m

Application bundle generation complete. [0.291 seconds]

Page reload sent to client(s).
[33mΓ¥»[39m Changes detected. Rebuilding...
[32mΓ£ö[39m Changes detected. Rebuilding...
[1mInitial chunk files[22m[2m | [22m[1mNames[22m              [2m | [22m [1mRaw size[22m
[32mmain.js[39m            [2m | [22m[2mmain[22m               [2m | [22m[36m524.96 kB[39m[2m | [22m

[1mLazy chunk files[22m   [2m | [22m[1mNames[22m              [2m | [22m [1mRaw size[22m
[32mchunk-REPW3BWB.js[39m  [2m | [22m[2mitinerary-component[22m[2m | [22m[36m342.53 kB[39m[2m | [22m

Application bundle generation complete. [0.260 seconds]

Page reload sent to client(s).
[33mΓ¥»[39m Changes detected. Rebuilding...
[32mΓ£ö[39m Changes detected. Rebuilding...
[1mInitial chunk files[22m[2m | [22m[1mNames[22m              [2m | [22m [1mRaw size[22m
[32mmain.js[39m            [2m | [22m[2mmain[22m               [2m | [22m[36m524.96 kB[39m[2m | [22m

[1mLazy chunk files[22m   [2m | [22m[1mNames[22m              [2m | [22m [1mRaw size[22m
[32mchunk-MLJPDWEB.js[39m  [2m | [22m[2mitinerary-component[22m[2m | [22m[36m343.65 kB[39m[2m | [22m

Application bundle generation complete. [0.718 seconds]

Page reload sent to client(s).
[33mΓ¥»[39m Changes detected. Rebuilding...
[32mΓ£ö[39m Changes detected. Rebuilding...
[1mInitial chunk files[22m[2m | [22m[1mNames[22m              [2m | [22m [1mRaw size[22m
[32mmain.js[39m            [2m | [22m[2mmain[22m               [2m | [22m[36m524.96 kB[39m[2m | [22m

[1mLazy chunk files[22m   [2m | [22m[1mNames[22m              [2m | [22m [1mRaw size[22m
[32mchunk-DVZUOEOK.js[39m  [2m | [22m[2mitinerary-component[22m[2m | [22m[36m344.35 kB[39m[2m | [22m

Application bundle generation complete. [0.695 seconds]

Page reload sent to client(s).
